GHCi, version 9.0.2: https://www.haskell.org/ghc/  :? for help
Loaded GHCi configuration from /Users/nanami/bprog2022/.ghci
2022-05-19 15:44:08.395768
>>> 5+4
9
2022-05-19 15:54:07.242034
>>> 2+3*4
14
2022-05-19 15:54:31.991708
>>> 8/4
2.0
2022-05-19 15:54:55.137111
>>> (2+3)*4
20
2022-05-19 15:55:20.466548
>>> 10-7
3
2022-05-19 15:55:28.826396
>>> 3 - 9 -4
-10
2022-05-19 15:55:39.130482
>>> 20+5*2-6
24
2022-05-19 15:56:43.043511
>>> 2 - 3 -1
-2
2022-05-19 15:57:18.785728
>>> 2 - (3 - 1)
0
2022-05-19 15:57:25.501519
>>> sqrt 2
1.4142135623730951
2022-05-19 15:59:42.035817
>>> sqrt 16
4.0
2022-05-19 16:00:25.427338
>>> double 3

<interactive>:12:1: error: Variable not in scope: double :: t0 -> t
2022-05-19 16:02:00.410939
>>> 